 !Logging in....  !AWS.SDK.EC2 init.  !DescribeEC2KeyPairs. - Tokyo-org-ASUX-Playground-LinuxSSH.pem: af:48:5d:7b:48:a7:a3:b5:39:ba:1a:43:70:f7:e9:37:52:79:66:92

