 !Logging in....  !AWS.SDK.EC2 init.  !DeleteEC2KeyPair. ''

