 !Logging in....  !getVPCs !AWS.SDK.EC2 init.  !describeVPCs.  !getVPCs... . . vpc-45095322

