org.ASUX.yaml.AWSSDKcreateKeyPairEC2(ap-northeast-1,null): AWS.SDK library is running in __OFFLINE__ mode.  So this method is a 'NOOP'!!!!!!!!
